Welcome to OurScheme!

> ";;;;;;;;;;;;;;;;;;;;;;;;;;;; Test 2 : Simple, with error"

";;;;;;;;;;;;;;;;;;;;;;;;;;;; Test 2 : Simple, with error"

> v

v

> Hello

Hello

> there

there

> !

!

> @$%--3#!!!!!!!!!!!!!!!!!!!!!!!!!!!!!!!!!!!!!!!!.%%%%^^^&

@$%--3#!!!!!!!!!!!!!!!!!!!!!!!!!!!!!!!!!!!!!!!!.%%%%^^^&

> "   ( 1 2.54 3 . -4. 5 6 Hi there . 7 . nil ) "

"   ( 1 2.54 3 . -4. 5 6 Hi there . 7 . nil ) "

> ERROR (no closing quote) : END-OF-LINE encountered at Line 3 Column 56

> This

This

> is

is

> ICE

ICE

> !

!

> #t

#t

> #t

#t

> nil

nil

> nil

nil

> nil

nil

> at#fgh

at#fgh

> 325

325

> -

-

> 325.000

325.000

> 3.25

3.25

> 0.375

0.375

> 3a5b

3a5b

> exit

exit

> #

#

> f

f

> #g

#g

> ERROR (unexpected token) : atom or '(' expected when token at Line 1 Column 2 is >>.<<

> #t

#t

> ERROR (unexpected token) : atom or '(' expected when token at Line 4 Column 1 is >>)<<

> 20

20

> ERROR (unexpected token) : atom or '(' expected when token at Line 1 Column 2 is >>.<<

> nil

nil

> nil

nil

> nil

nil

> ERROR (unexpected token) : atom or '(' expected when token at Line 1 Column 4 is >>)<<

> ";;;;;;;;;;;;;;;;;;;;;;;;;;;; Test 4 : Basic, with error"

";;;;;;;;;;;;;;;;;;;;;;;;;;;; Test 4 : Basic, with error"

> !@

!@

> ERROR (unexpected token) : atom or '(' expected when token at Line 1 Column 3 is >>.<<

> !@

!@

> ERROR (unexpected token) : atom or '(' expected when token at Line 1 Column 3 is >>.<<

> ERROR (no closing quote) : END-OF-LINE encountered at Line 4 Column 33

> on

on

> this

this

> continent,

continent,

> ERROR (no closing quote) : END-OF-LINE encountered at Line 1 Column 3

> .
1
.
2
.
3
nil

1
.
2
.
3
.
nil

> ERROR (unexpected token) : atom or '(' expected when token at Line 1 Column 2 is >>)<<

> .
1
.
-
.
2
.
3.875
4.000

1
.
-
.
2
.
3.875
.
4.000

> -7.125

-7.125

> .
-1.5.
.
.
"2.25"
.
^&%$*+-=.nil
nil
nil

-1.5.
.
"2.25"
.
^&%$*+-=.nil
.
nil
.
nil

> .
-1.5
.
"2.25"
.
^&%$*+-=.nil
nil

-1.5
.
"2.25"
.
^&%$*+-=.nil
.
nil

> .
-1.5
.
"2.25"
.
^&%$*+-=
.
.#f
nil

-1.5
.
"2.25"
.
^&%$*+-=
.
.#f
.
nil

> .
10
.
12.000
.
nil
.
0.625
nil

10
.
12.000
.
nil
.
0.625
.
nil

> .
10
.
nil
"125."

10
.
nil
.
"125."

> .
nil.nil
nil

nil.nil
.
nil

> .
nil
nil

nil
.
nil

> ERROR (unexpected token) : atom or '(' expected when token at Line 1 Column 3 is >>.<<

> ERROR (unexpected token) : atom or '(' expected when token at Line 3 Column 1 is >>)<<

> .
1
.
"Hi 2"
.
2.a.b
c

1
.
"Hi 2"
.
2.a.b
.
c

> .
1
.
2.25.5
nil

1
.
2.25.5
.
nil

> .
1
.
2.25.5.a.5
nil

1
.
2.25.5.a.5
.
nil

> .
12.5.
.
.
4.5
nil
nil

12.5.
.
4.5
.
nil
.
nil

> .
3...25
nil

3...25
.
nil

> .
abc.
.
" defg. "
.
0.5
nil

abc.
.
" defg. "
.
0.5
.
nil

> .
Hi
.
there
.
!
.
How#are
.
you
.
?
.
Is
.
it
.
OK?
nil

Hi
.
there
.
!
.
How#are
.
you
.
?
.
Is
.
it
.
OK?
.
nil

> .
Hi
.
there
.
!
nil

Hi
.
there
.
!
.
nil

> .
How#are
.
you
nil

How#are
.
you
.
nil

> .
'
.
.
nil
.
nil
nil
nil

'
.
nil
.
nil
.
nil
.
nil

> ERROR (no more input) : END-OF-FILE encountered

Thanks for using OurScheme!
