Welcome to OurScheme!

> ";;;;;;;;;;;;;;;;;;;;;;;;;;;; Test 2 : Simple, with error"

";;;;;;;;;;;;;;;;;;;;;;;;;;;; Test 2 : Simple, with error"

> v

v

> Hello

Hello

> there

there

> !

!

> @$%--3#!!!!!!!!!!!!!!!!!!!!!!!!!!!!!!!!!!!!!!!!.%%%%^^^&

@$%--3#!!!!!!!!!!!!!!!!!!!!!!!!!!!!!!!!!!!!!!!!.%%%%^^^&

> "   ( 1 2.54 3 . -4. 5 6 Hi there . 7 . nil ) "

"   ( 1 2.54 3 . -4. 5 6 Hi there . 7 . nil ) "

> ERROR (no closing quote) : END-OF-LINE encountered at Line 3 Column 56

> This

This

> is

is

> ICE

ICE

> !

!

> #t

#t

> #t

#t

> nil

nil

> nil

nil

> nil

nil

> at#fgh

at#fgh

> 325

325

> -

-

> 325.000

325.000

> 3.25

3.25

> 0.375

0.375

> 3a5b

3a5b

> exit

exit

> #

#

> f

f

> #g

#g

> ERROR (unexpected token) : atom or '(' expected when token at Line 1 Column 2 is >>.<<

> #t

#t

> ERROR (unexpected token) : atom or '(' expected when token at Line 4 Column 1 is >>)<<

> 20

20

> ERROR (unexpected token) : atom or '(' expected when token at Line 1 Column 2 is >>.<<

> nil

nil

> nil

nil

> nil

nil

> ERROR (unexpected token) : atom or '(' expected when token at Line 1 Column 4 is >>)<<

> ERROR (no more input) : END-OF-FILE encountered
Thanks for using OurScheme!
